Running GUT unit tests...
Godot Engine v4.6.2.stable.official.71f334935 - https://godotengine.org

---  GUT  ---
[1m[INFO]:  [0musing [C:/Users/happyelements/AppData/Roaming/Godot/app_userdata/新建游戏项目] for temporary output.
Godot version:  4.6.2
GUT version:  9.6.0
[4m

res://tests/unit/test_auction_manager.gd
[0m* test_generate_pool_size_is_3
* test_generate_pool_no_duplicates
* test_generate_pool_fills_when_no_kills
* test_generate_pool_includes_carried_over
* test_settle_player_wins_highest_bid
* test_settle_phantom_a_wins_when_higher
* test_settle_none_when_all_zero
* test_settle_bids_preserved_in_result
* test_phantom_aggressive_earns_70g_phase1
* test_phantom_aggressive_earns_110g_phase5
* test_phantom_aggressive_earns_200g_phase10
* test_phantom_aggressive_bids_75pct_on_preferred
* test_phantom_patient_low_bid_below_threshold
* test_phantom_patient_all_in_above_threshold
* test_phantom_interest_high_for_preferred
* test_phantom_patience_overflow_after_5_loops
* test_phantom_patience_resets_on_priority_seen
* test_execute_delete_pardon_sets_flag
[33m    1 Orphans[0m
[33m        * [<Node#167721830982>(AuctionManager.gd)][0m
* test_execute_pressure_delay_decrements_loops_in_phase
[33m    1 Orphans[0m
[33m        * [<Node#167788939850>(AuctionManager.gd)][0m
* test_execute_pressure_delay_not_below_zero
[33m    1 Orphans[0m
[33m        * [<Node#167872825934>(AuctionManager.gd)][0m
* test_execute_enemy_pardon_sets_type_and_count
[33m    1 Orphans[0m
[33m        * [<Node#167956712018>(AuctionManager.gd)][0m
* test_execute_comp_merge_combines_values
[33m    1 Orphans[0m
[33m        * [<Node#168057375318>(AuctionManager.gd)][0m
* test_new_service_types_have_names
* test_pool_never_contains_rule_copy_int
* test_execute_stat_dmg_increases_dmg_bonus
[33m    1 Orphans[0m
[33m        * [<Node#168241924700>(AuctionManager.gd)][0m
* test_execute_stat_dmg_accumulates
[33m    1 Orphans[0m
[33m        * [<Node#168325810784>(AuctionManager.gd)][0m
* test_execute_stat_hp_increases_hp_max
[33m    1 Orphans[0m
[33m        * [<Node#168409696868>(AuctionManager.gd)][0m
* test_execute_stat_hp_heals_by_delta
[33m    1 Orphans[0m
[33m        * [<Node#168493582952>(AuctionManager.gd)][0m
* test_execute_stat_speed_increases_interval_bonus
[33m    1 Orphans[0m
[33m        * [<Node#168577469036>(AuctionManager.gd)][0m
* test_execute_stat_amplify_increases_max_stacks
[33m    1 Orphans[0m
[33m        * [<Node#168644577904>(AuctionManager.gd)][0m
* test_execute_slot_rule_adds_rule_slot
[33m    1 Orphans[0m
[33m        * [<Node#168728463988>(AuctionManager.gd)][0m
* test_execute_slot_rule_new_slot_is_empty
[33m    1 Orphans[0m
[33m        * [<Node#168812350072>(AuctionManager.gd)][0m
* test_execute_slot_service_increases_service_bar_max
[33m    1 Orphans[0m
[33m        * [<Node#168879458940>(AuctionManager.gd)][0m
* test_pool_excludes_slot_rule_when_maxed
* test_pool_includes_slot_rule_when_not_maxed
* test_pool_excludes_slot_service_when_maxed
* test_pool_includes_slot_service_when_not_maxed
* test_phantom_a_prefers_stat_dmg
[33m14 orphans[0m
[1m38/38 passed.
[0m[4m

res://tests/unit/test_character_panel.gd
[0m* test_panel_hidden_by_default
* test_toggle_shows_panel
* test_toggle_twice_hides_panel
* test_toggle_open_pauses_game
* test_toggle_close_unpauses_game
* test_refresh_shows_correct_hp
* test_refresh_shows_dash_when_shield_zero
* test_refresh_shows_shield_value_when_nonzero
* test_refresh_shows_dash_when_lifesteal_zero
* test_refresh_shows_lifesteal_percent_when_nonzero
[1m10/10 passed.
[0m[4m

res://tests/unit/test_combat_system.gd
[0m* test_player_damage_reduces_enemy_hp
[33m    1 Orphans[0m
[33m        * [<Node2D#183173647021>(Enemy.gd)][0m
* test_enemy_damage_reduces_player_hp
[33m    1 Orphans[0m
[33m        * [<Node2D#198558354060>(Enemy.gd)][0m
* test_player_damage_uses_player_dmg_base
[33m    1 Orphans[0m
[33m        * [<Node2D#198675793570>(Enemy.gd)][0m
* test_enemy_damage_uses_phase_scaled_dmg
[33m    1 Orphans[0m
[33m        * [<Node2D#198810012337>(Enemy.gd)][0m
* test_player_hit_emitted_on_enemy_attack
[33m    1 Orphans[0m
[33m        * [<Node2D#198944230146>(Enemy.gd)][0m
* test_enemy_killed_emitted_when_enemy_dies
[33m    1 Orphans[0m
[33m        * [<Node2D#199095225094>(Enemy.gd)][0m
* test_combat_resolved_not_emitted_by_combat_system
[33m    1 Orphans[0m
[33m        * [<Node2D#199246220042>(Enemy.gd)][0m
* test_reflect_damage_applied_when_pending_ratio_set
[33m    1 Orphans[0m
[33m        * [<Node2D#199397214990>(Enemy.gd)][0m
* test_slow_stacks_reduce_enemy_damage
* test_slow_stacks_capped_by_phase
* test_slow_stacks_cap_scales_with_phase
* test_lifesteal_heals_after_player_attack
[33m    1 Orphans[0m
[33m        * [<Node2D#199783090965>(Enemy.gd)][0m
* test_lifesteal_capped_at_hp_max
[33m    1 Orphans[0m
[33m        * [<Node2D#199917308697>(Enemy.gd)][0m
* test_no_lifesteal_when_ratio_zero
[33m    1 Orphans[0m
[33m        * [<Node2D#200051526429>(Enemy.gd)][0m
* test_lifesteal_ratio_resets_after_combat
[33m    1 Orphans[0m
[33m        * [<Node2D#200185744161>(Enemy.gd)][0m
* test_enrage_stacks_zero_at_init
* test_enrage_stacks_increment_past_threshold
* test_enrage_second_stack_after_interval
* test_enrage_no_stack_before_threshold
* test_enrage_multiplier_formula
* test_enrage_resets_via_reset_enrage
* test_enrage_signal_emitted_on_first_stack
* test_player_attack_applies_dmg_bonus
[33m    1 Orphans[0m
[33m        * [<Node2D#200890387244>(Enemy.gd)][0m
* test_combat_start_uses_attack_interval_bonus
[33m    1 Orphans[0m
[33m        * [<Node2D#201024604976>(Enemy.gd)][0m
[33m14 orphans[0m
[1m24/24 passed.
[0m[4m

res://tests/unit/test_component_data.gd
[0m* test_slot_type_enum_values
* test_duplicate_preserves_id_and_values
* test_new_component_has_zero_counts
* test_drop_preset_ranges_dictionary
* test_growth_rate_default_zero
* test_scale_exponent_default_one
* test_max_scale_default_zero
* test_altar_ratio_default_zero
[1m8/8 passed.
[0m[4m

res://tests/unit/test_component_icons.gd
[0m* test_known_id_returns_texture
* test_unknown_id_returns_null
* test_cache_returns_same_object
* test_all_implemented_components_have_icons
[1m4/4 passed.
[0m[4m

res://tests/unit/test_data_tables.gd
[0m* test_game_config_loaded
* test_player_data_loaded
* test_enemy_data_has_all_five_types
* test_enemy_data_values_valid
* test_all_ten_phases_loaded
* test_phase_data_values_valid
* test_get_phase_returns_correct_data
* test_get_enemy_returns_correct_data
* test_get_component_受击_is_trigger_only
* test_get_component_治愈_is_both
* test_get_component_反射_is_both
* test_get_drop_preset_tier1_has_受击_range
* test_enemy_汲取者_has_component_pair_range
* test_enemy_汲取者_has_trigger_weights
* test_enemy_汲取者_has_phase_drop_preset
* test_phase1_has_component_count_bonus
* test_config_has_inventory_cap
* test_config_has_rule_slot_count
* test_enemy_has_gold_scale
* test_config_has_deletion_cost_sequence
* test_config_has_deletion_cost_multiplier
* test_tile_max_rules_has_13_entries
* test_tile_max_rules_altar_at_index_0
* test_tile_max_rules_values_in_range
* test_急袭者_has_trigger_weights
* test_急袭者_has_effect_weights
* test_急袭者_has_drop_preset
* test_急袭者_unlock_phase_is_4
* test_pick_enemy_id_can_return_急袭者_at_phase_4
[1m29/29 passed.
[0m[4m

res://tests/unit/test_economy_manager.gd
[0m* test_calc_gold_drop_phase1_min
* test_calc_gold_drop_scales_with_phase
* test_gold_added_to_gamestate_on_enemy_killed
[33m    1 Orphans[0m
[33m        * [<Node2D#206259096476>(Enemy.gd)][0m
[33m1 orphans[0m
[1m3/3 passed.
[0m[4m

res://tests/unit/test_enemy.gd
[0m* test_init_stat_phase_override_increases_hp_at_higher_phase
[33m    2 Orphans[0m
[33m        * [<Node2D#206611418029>(Enemy.gd)]
        * [<Node2D#206628195246>(Enemy.gd)][0m
* test_init_default_uses_current_phase
[33m    1 Orphans[0m
[33m        * [<Node2D#206712081331>(Enemy.gd)][0m
[33m3 orphans[0m
[1m2/2 passed.
[0m[4m

res://tests/unit/test_event_bus.gd
[0m* test_has_enemy_killed_signal
* test_has_combat_resolved_signal
* test_has_loop_completed_signal
* test_has_player_died_signal
* test_enemy_killed_emits_with_id
[1m5/5 passed.
[0m[4m

res://tests/unit/test_game_loop.gd
[0m* test_roll_spawn_count_within_range
* test_pick_enemy_id_only_unlocked
* test_pick_enemy_id_from_weights
* test_pick_distinct_tile_indices_correct_count
* test_pick_distinct_tile_indices_no_duplicates
* test_weighted_pick_with_modifiers_returns_valid_id
* test_weighted_pick_excludes_zero_weight
* test_create_component_trigger_only_sets_trigger_value
* test_create_component_both_sets_both_values
* test_create_component_returns_duplicate_not_original
* test_resolve_drop_preset_picks_closest_lower_phase
* test_pick_tile_indices_never_returns_zero
* test_pick_tile_indices_correct_count_with_13_tiles
* test_altar_is_full_false_when_empty_array
* test_altar_is_full_false_when_any_slot_null
* test_altar_is_full_true_when_all_slots_filled
* test_pick_enemy_id_phase11_includes_all_five_types
* test_apply_boss_modifiers_scales_hp
* test_apply_boss_modifiers_scales_dmg
* test_apply_boss_modifiers_sets_scale
[1m20/20 passed.
[0m[4m

res://tests/unit/test_game_over_narrative.gd
[0m* test_win_narrative_contains_recognition_line
SCRIPT ERROR: Invalid call. Nonexistent function '_get_narrative' in base 'CanvasLayer (GameOver)'.
   at: test_win_narrative_contains_recognition_line (res://tests/unit/test_game_over_narrative.gd:14)
   GDScript backtrace (most recent call first):
       [0] test_win_narrative_contains_recognition_line (res://tests/unit/test_game_over_narrative.gd:14)
       [1] _run_test (res://addons/gut/gut.gd:615)
       [2] _test_the_scripts (res://addons/gut/gut.gd:818)
[31m    [Failed]:  [0mUnexpected Errors:
    [1] <engine-2>Invalid call. Nonexistent function '_get_narrative' in base 'CanvasLayer (GameOver)'.
      at line -1
* test_lose_narrative_contains_enough_line
SCRIPT ERROR: Invalid call. Nonexistent function '_get_narrative' in base 'CanvasLayer (GameOver)'.
   at: test_lose_narrative_contains_enough_line (res://tests/unit/test_game_over_narrative.gd:18)
   GDScript backtrace (most recent call first):
       [0] test_lose_narrative_contains_enough_line (res://tests/unit/test_game_over_narrative.gd:18)
       [1] _run_test (res://addons/gut/gut.gd:615)
       [2] _test_the_scripts (res://addons/gut/gut.gd:818)
[31m    [Failed]:  [0mUnexpected Errors:
    [1] <engine-2>Invalid call. Nonexistent function '_get_narrative' in base 'CanvasLayer (GameOver)'.
      at line -1
* test_win_background_path
SCRIPT ERROR: Invalid call. Nonexistent function '_get_background_path' in base 'CanvasLayer (GameOver)'.
   at: test_win_background_path (res://tests/unit/test_game_over_narrative.gd:22)
   GDScript backtrace (most recent call first):
       [0] test_win_background_path (res://tests/unit/test_game_over_narrative.gd:22)
       [1] _run_test (res://addons/gut/gut.gd:615)
       [2] _test_the_scripts (res://addons/gut/gut.gd:818)
[31m    [Failed]:  [0mUnexpected Errors:
    [1] <engine-2>Invalid call. Nonexistent function '_get_background_path' in base 'CanvasLayer (GameOver)'.
      at line -1
* test_lose_background_path
SCRIPT ERROR: Invalid call. Nonexistent function '_get_background_path' in base 'CanvasLayer (GameOver)'.
   at: test_lose_background_path (res://tests/unit/test_game_over_narrative.gd:25)
   GDScript backtrace (most recent call first):
       [0] test_lose_background_path (res://tests/unit/test_game_over_narrative.gd:25)
       [1] _run_test (res://addons/gut/gut.gd:615)
       [2] _test_the_scripts (res://addons/gut/gut.gd:818)
[31m    [Failed]:  [0mUnexpected Errors:
    [1] <engine-2>Invalid call. Nonexistent function '_get_background_path' in base 'CanvasLayer (GameOver)'.
      at line -1
[1m0/4 passed.
[0m[4m

res://tests/unit/test_game_state.gd
[0m* test_initial_hp_equals_hp_max
* test_hp_max_is_positive
* test_take_damage_reduces_hp
* test_take_damage_clamps_to_zero
* test_take_damage_emits_player_died_when_hp_zero
* test_reset_restores_hp
* test_reset_clears_loops_and_kills
* test_is_paused_defaults_false
* test_inventory_empty_after_reset
* test_inventory_has_space_when_empty
* test_inventory_full_at_cap
* test_add_to_inventory_appends
* test_remove_from_inventory
* test_delete_component_removes_from_inventory
* test_rule_slots_initialized_after_reset
* test_equip_trigger_only_into_trigger_sub_slot
* test_equip_effect_only_into_effect_sub_slot
* test_equip_swaps_when_slot_occupied
* test_unequip_moves_to_inventory
* test_pending_reflect_ratio_zero_after_reset
* test_gold_zero_after_reset
* test_deletion_count_zero_after_reset
* test_altar_bonuses_empty_after_reset
* test_get_deletion_cost_first_deletion
* test_get_deletion_cost_second_deletion
* test_get_deletion_cost_third_deletion
* test_get_deletion_cost_fourth_uses_multiplier
* test_get_deletion_cost_fifth_doubles_again
* test_can_afford_deletion_true_when_enough_gold
* test_can_afford_deletion_false_when_insufficient
* test_pay_deletion_cost_deducts_gold
* test_pay_deletion_cost_increments_deletion_count
* test_loops_in_phase_zero_after_reset
* test_force_phase_advance_increments_phase
* test_force_phase_advance_resets_loops_in_phase
* test_force_phase_advance_emits_phase_changed
* test_in_verdict_loop_false_after_reset
* test_verdict_loops_survived_zero_after_reset
* test_reset_clears_service_bar
* test_deletion_free_skips_cost_and_count
* test_shield_absorbs_damage_before_hp
* test_shield_depletes_then_overflow_hits_hp
* test_shield_resets_to_zero_on_reset
* test_slow_stacks_resets_to_zero_on_reset
* test_lifesteal_ratio_resets_to_zero_on_reset
* test_hp_max_matches_player_data
* test_hp_starts_at_hp_max_after_reset
* test_boss_circle_pending_false_after_reset
* test_dmg_bonus_zero_after_reset
* test_attack_interval_bonus_zero_after_reset
* test_service_bar_max_restored_after_reset
* test_dmg_boost_stacks_starts_zero
* test_charge_stacks_starts_zero
* test_dmg_boost_resets_on_reset
* test_charge_resets_on_reset
[1m55/55 passed.
[0m[4m

res://tests/unit/test_log_panel.gd
[0m* test_add_entry_trims_oldest_when_over_max
[33m    1 Orphans[0m
[33m        * [@Label@114:<Label#230049188996>][0m
* test_gold_entry_only_added_on_increase
[1m2/2 passed.
[0m[4m

res://tests/unit/test_phase_transition.gd
[0m* test_get_copy_phase_1_label
* test_get_copy_phase_10_label
* test_get_copy_phase_1_text_not_empty
* test_get_copy_all_phases_have_entries
* test_get_background_phase_1_returns_1_2
* test_get_background_phase_2_returns_1_2
* test_get_background_phase_3_returns_3_4
* test_get_background_phase_4_returns_3_4
* test_get_background_phase_5_returns_5_6
* test_get_background_phase_9_returns_9_10
* test_get_background_phase_10_returns_9_10
[1m11/11 passed.
[0m[4m

res://tests/unit/test_rule_engine.gd
[0m* test_trigger_count_increments_on_player_hit
* test_trigger_count_increments_on_enemy_killed
[33m    1 Orphans[0m
[33m        * [<Node2D#232028900416>(Enemy.gd)][0m
* test_trigger_count_increments_on_loop_completed
* test_trigger_count_increments_on_tile_passed
* test_heal_fires_when_threshold_reached
* test_heal_resets_trigger_count
* test_heal_capped_at_hp_max
* test_reflect_sets_pending_ratio
* test_rule_fired_signal_emitted_on_effect
* test_no_fire_when_trigger_slot_empty
* test_no_fire_when_effect_slot_empty
* test_heal_trigger_increments_when_heal_fires
* test_heal_trigger_does_not_increment_without_heal
* test_heal_trigger_fires_even_at_full_hp
* test_tile_rule_fires_on_nth_pass
ERROR: Node not found: "Visual" (relative to "/root/GutRunner/@Node@123/@Node2D@140").
   at: get_node (scene/main/node.cpp:1963)
   GDScript backtrace (most recent call first):
       [0] @implicit_ready (res://src/entities/Tile.gd:42)
       [1] add_child_autofree (res://addons/gut/test.gd:2783)
       [2] _make_tile_with_rule (res://tests/unit/test_rule_engine.gd:137)
       [3] test_tile_rule_fires_on_nth_pass (res://tests/unit/test_rule_engine.gd:155)
       [4] _run_test (res://addons/gut/gut.gd:615)
       [5] _test_the_scripts (res://addons/gut/gut.gd:818)
       [6] _run_test (res://addons/gut/gut.gd:643)
       [7] test_gold_entry_only_added_on_increase (res://tests/unit/test_log_panel.gd:26)
ERROR: Node not found: "Building" (relative to "/root/GutRunner/@Node@123/@Node2D@140").
   at: get_node (scene/main/node.cpp:1963)
   GDScript backtrace (most recent call first):
       [0] @implicit_ready (res://src/entities/Tile.gd:43)
       [1] add_child_autofree (res://addons/gut/test.gd:2783)
       [2] _make_tile_with_rule (res://tests/unit/test_rule_engine.gd:137)
       [3] test_tile_rule_fires_on_nth_pass (res://tests/unit/test_rule_engine.gd:155)
       [4] _run_test (res://addons/gut/gut.gd:615)
       [5] _test_the_scripts (res://addons/gut/gut.gd:818)
       [6] _run_test (res://addons/gut/gut.gd:643)
       [7] test_gold_entry_only_added_on_increase (res://tests/unit/test_log_panel.gd:26)
[31m    [Failed]:  [0mUnexpected Errors:
    [1] <engine-0>Method/function failed. Returning: nullptr
    [2] <engine-0>Method/function failed. Returning: nullptr
      at line -1
* test_tile_rule_does_not_fire_with_incomplete_slot
ERROR: Node not found: "Visual" (relative to "/root/GutRunner/@Node@123/@Node2D@142").
   at: get_node (scene/main/node.cpp:1963)
   GDScript backtrace (most recent call first):
       [0] @implicit_ready (res://src/entities/Tile.gd:42)
       [1] add_child_autofree (res://addons/gut/test.gd:2783)
       [2] test_tile_rule_does_not_fire_with_incomplete_slot (res://tests/unit/test_rule_engine.gd:169)
       [3] _run_test (res://addons/gut/gut.gd:615)
       [4] _test_the_scripts (res://addons/gut/gut.gd:818)
       [5] _run_test (res://addons/gut/gut.gd:643)
       [6] test_gold_entry_only_added_on_increase (res://tests/unit/test_log_panel.gd:26)
ERROR: Node not found: "Building" (relative to "/root/GutRunner/@Node@123/@Node2D@142").
   at: get_node (scene/main/node.cpp:1963)
   GDScript backtrace (most recent call first):
       [0] @implicit_ready (res://src/entities/Tile.gd:43)
       [1] add_child_autofree (res://addons/gut/test.gd:2783)
       [2] test_tile_rule_does_not_fire_with_incomplete_slot (res://tests/unit/test_rule_engine.gd:169)
       [3] _run_test (res://addons/gut/gut.gd:615)
       [4] _test_the_scripts (res://addons/gut/gut.gd:818)
       [5] _run_test (res://addons/gut/gut.gd:643)
[31m    [Failed]:  [0mUnexpected Errors:
    [1] <engine-0>Method/function failed. Returning: nullptr
    [2] <engine-0>Method/function failed. Returning: nullptr
      at line -1
* test_tile_rule_scales_with_pass_count
       [6] test_gold_entry_only_added_on_increase (res://tests/unit/test_log_panel.gd:26)
ERROR: Node not found: "Visual" (relative to "/root/GutRunner/@Node@123/@Node2D@144").
   at: get_node (scene/main/node.cpp:1963)
   GDScript backtrace (most recent call first):
       [0] @implicit_ready (res://src/entities/Tile.gd:42)
       [1] add_child_autofree (res://addons/gut/test.gd:2783)
       [2] _make_tile_with_rule (res://tests/unit/test_rule_engine.gd:137)
       [3] test_tile_rule_scales_with_pass_count (res://tests/unit/test_rule_engine.gd:178)
       [4] _run_test (res://addons/gut/gut.gd:615)
       [5] _test_the_scripts (res://addons/gut/gut.gd:818)
       [6] _run_test (res://addons/gut/gut.gd:643)
       [7] test_gold_entry_only_added_on_increase (res://tests/unit/test_log_panel.gd:26)
ERROR: Node not found: "Building" (relative to "/root/GutRunner/@Node@123/@Node2D@144").
   at: get_node (scene/main/node.cpp:1963)
   GDScript backtrace (most recent call first):
       [0] @implicit_ready (res://src/entities/Tile.gd:43)
       [1] add_child_autofree (res://addons/gut/test.gd:2783)
       [2] _make_tile_with_rule (res://tests/unit/test_rule_engine.gd:137)
       [3] test_tile_rule_scales_with_pass_count (res://tests/unit/test_rule_engine.gd:178)
       [4] _run_test (res://addons/gut/gut.gd:615)
       [5] _test_the_scripts (res://addons/gut/gut.gd:818)
       [6] _run_test (res://addons/gut/gut.gd:643)
       [7] test_gold_entry_only_added_on_increase (res://tests/unit/test_log_panel.gd:26)
[31m    [Failed]:  [0mUnexpected Errors:
    [1] <engine-0>Method/function failed. Returning: nullptr
    [2] <engine-0>Method/function failed. Returning: nullptr
      at line -1
* test_altar_bonus_applied_to_player_rule
* test_altar_bonus_applied_to_tile_rule
ERROR: Node not found: "Visual" (relative to "/root/GutRunner/@Node@123/@Node2D@147").
   at: get_node (scene/main/node.cpp:1963)
   GDScript backtrace (most recent call first):
       [0] @implicit_ready (res://src/entities/Tile.gd:42)
       [1] add_child_autofree (res://addons/gut/test.gd:2783)
       [2] _make_tile_with_rule (res://tests/unit/test_rule_engine.gd:137)
       [3] test_altar_bonus_applied_to_tile_rule (res://tests/unit/test_rule_engine.gd:194)
       [4] _run_test (res://addons/gut/gut.gd:615)
       [5] _test_the_scripts (res://addons/gut/gut.gd:818)
       [6] _run_test (res://addons/gut/gut.gd:643)
       [7] test_gold_entry_only_added_on_increase (res://tests/unit/test_log_panel.gd:26)
ERROR: Node not found: "Building" (relative to "/root/GutRunner/@Node@123/@Node2D@147").
   at: get_node (scene/main/node.cpp:1963)
   GDScript backtrace (most recent call first):
       [0] @implicit_ready (res://src/entities/Tile.gd:43)
       [1] add_child_autofree (res://addons/gut/test.gd:2783)
       [2] _make_tile_with_rule (res://tests/unit/test_rule_engine.gd:137)
       [3] test_altar_bonus_applied_to_tile_rule (res://tests/unit/test_rule_engine.gd:194)
       [4] _run_test (res://addons/gut/gut.gd:615)
       [5] _test_the_scripts (res://addons/gut/gut.gd:818)
       [6] _run_test (res://addons/gut/gut.gd:643)
       [7] test_gold_entry_only_added_on_increase (res://tests/unit/test_log_panel.gd:26)
[31m    [Failed]:  [0mUnexpected Errors:
    [1] <engine-0>Method/function failed. Returning: nullptr
    [2] <engine-0>Method/function failed. Returning: nullptr
      at line -1
* test_max_scale_caps_tile_effect
ERROR: Node not found: "Visual" (relative to "/root/GutRunner/@Node@123/@Node2D@149").
   at: get_node (scene/main/node.cpp:1963)
   GDScript backtrace (most recent call first):
       [0] @implicit_ready (res://src/entities/Tile.gd:42)
       [1] add_child_autofree (res://addons/gut/test.gd:2783)
       [2] _make_tile_with_rule (res://tests/unit/test_rule_engine.gd:137)
       [3] test_max_scale_caps_tile_effect (res://tests/unit/test_rule_engine.gd:204)
       [4] _run_test (res://addons/gut/gut.gd:615)
       [5] _test_the_scripts (res://addons/gut/gut.gd:818)
       [6] _run_test (res://addons/gut/gut.gd:643)
       [7] test_gold_entry_only_added_on_increase (res://tests/unit/test_log_panel.gd:26)
ERROR: Node not found: "Building" (relative to "/root/GutRunner/@Node@123/@Node2D@149").
   at: get_node (scene/main/node.cpp:1963)
   GDScript backtrace (most recent call first):
       [0] @implicit_ready (res://src/entities/Tile.gd:43)
       [1] add_child_autofree (res://addons/gut/test.gd:2783)
       [2] _make_tile_with_rule (res://tests/unit/test_rule_engine.gd:137)
       [3] test_max_scale_caps_tile_effect (res://tests/unit/test_rule_engine.gd:204)
       [4] _run_test (res://addons/gut/gut.gd:615)
       [5] _test_the_scripts (res://addons/gut/gut.gd:818)
       [6] _run_test (res://addons/gut/gut.gd:643)
       [7] test_gold_entry_only_added_on_increase (res://tests/unit/test_log_panel.gd:26)
[31m    [Failed]:  [0mUnexpected Errors:
    [1] <engine-0>Method/function failed. Returning: nullptr
    [2] <engine-0>Method/function failed. Returning: nullptr
      at line -1
* test_low_hp_trigger_counts_when_hp_below_threshold
* test_low_hp_trigger_does_not_count_at_normal_hp
* test_low_hp_trigger_fires_after_n_checks
* test_full_hp_trigger_counts_when_at_max
* test_full_hp_trigger_does_not_count_below_max
* test_rule_fire_trigger_counts_on_rule_fire
* test_rule_fire_trigger_fires_at_threshold
* test_rule_fire_trigger_no_infinite_loop
* test_shield_effect_adds_to_gamestate_shield
* test_shield_effect_accumulates
* test_slow_effect_adds_slow_stacks
* test_slow_effect_accumulates
* test_lifesteal_effect_adds_to_lifesteal_ratio
* test_rule_fired_signal_emitted_for_shield
* test_slow_stacks_decay_on_loop_completed
* test_slow_stacks_decay_does_not_go_below_zero
* test_shield_capped_at_hp_max
* test_shield_decays_65_percent_on_loop_completed
* test_amplify_adds_one_stack
* test_amplify_capped_at_max_stacks
* test_amplify_stacks_accumulate_when_max_raised
* test_amplify_multiplies_next_effect
* test_amplify_resets_stacks_after_use
* test_amplify_three_stacks_triples_bonus
* test_amplify_not_amplified_by_existing_stacks
* test_dmg_boost_adds_stacks
[31m    [Failed]:  [0m[0] expected to equal [2]:  
      at line 384
* test_dmg_boost_accumulates
[31m    [Failed]:  [0m[0] expected to equal [4]:  
      at line 390
* test_charge_adds_stacks
[31m    [Failed]:  [0m[0] expected to equal [1]:  
      at line 395
* test_charge_accumulates_from_two_rules
[31m    [Failed]:  [0m[0] expected to equal [2]:  
      at line 402
* test_scorch_emits_rule_fired
[31m    [Failed]:  [0mExpected object EventBus:<Node#59307460153>(EventBus.gd) to have emitted signal [rule_fired]:   (Signals emitted: ["player_hit"])
      at line 408
* test_erode_emits_rule_fired
[31m    [Failed]:  [0mExpected object EventBus:<Node#59307460153>(EventBus.gd) to have emitted signal [rule_fired]:   (Signals emitted: ["player_hit"])
      at line 414
[33m1 orphans[0m
[1m40/51 passed.
[0m[4m

res://tests/unit/test_speed_control_state.gd
[0m* test_speed_multiplier_default_is_one
* test_set_speed_multiplier_updates_time_scale
* test_set_speed_multiplier_zero_pauses_time
* test_set_speed_multiplier_three
* test_is_paused_does_not_affect_time_scale
* test_pause_for_panel_freezes_time
* test_unpause_for_panel_restores_speed
* test_panel_pause_is_ref_counted
* test_reset_restores_speed_to_one
* test_reset_restores_time_scale_to_one
* test_reset_clears_panel_pause
[1m11/11 passed.
[0m[4m

res://tests/unit/test_strip_manager.gd
[0m* test_combat_resolved_emitted_immediately_when_no_components
[33m    1 Orphans[0m
[33m        * [<Node2D#238370688350>(Enemy.gd)][0m
* test_combat_resolved_not_emitted_when_components_present
[33m    1 Orphans[0m
[33m        * [<Node2D#238488128866>(Enemy.gd)][0m
* test_on_strip_completed_emits_combat_resolved
[33m2 orphans[0m
[1m3/3 passed.
[0m[4m

res://tests/unit/test_tile_system.gd
[0m* test_normal_tile_rule_slots_match_config
ERROR: Node not found: "Visual" (relative to "/root/GutRunner/@Node@188/@Node2D@190").
   at: get_node (scene/main/node.cpp:1963)
   GDScript backtrace (most recent call first):
       [0] @implicit_ready (res://src/entities/Tile.gd:42)
       [1] add_child_autofree (res://addons/gut/test.gd:2783)
       [2] _make_tile (res://tests/unit/test_tile_system.gd:7)
       [3] test_normal_tile_rule_slots_match_config (res://tests/unit/test_tile_system.gd:11)
       [4] _run_test (res://addons/gut/gut.gd:615)
       [5] _test_the_scripts (res://addons/gut/gut.gd:818)
ERROR: Node not found: "Building" (relative to "/root/GutRunner/@Node@188/@Node2D@190").
   at: get_node (scene/main/node.cpp:1963)
   GDScript backtrace (most recent call first):
       [0] @implicit_ready (res://src/entities/Tile.gd:43)
       [1] add_child_autofree (res://addons/gut/test.gd:2783)
       [2] _make_tile (res://tests/unit/test_tile_system.gd:7)
       [3] test_normal_tile_rule_slots_match_config (res://tests/unit/test_tile_system.gd:11)
       [4] _run_test (res://addons/gut/gut.gd:615)
       [5] _test_the_scripts (res://addons/gut/gut.gd:818)
[31m    [Failed]:  [0mUnexpected Errors:
    [1] <engine-0>Method/function failed. Returning: nullptr
    [2] <engine-0>Method/function failed. Returning: nullptr
      at line -1
* test_normal_tile_index4_has_3_slots
ERROR: Node not found: "Visual" (relative to "/root/GutRunner/@Node@188/@Node2D@191").
   at: get_node (scene/main/node.cpp:1963)
   GDScript backtrace (most recent call first):
       [0] @implicit_ready (res://src/entities/Tile.gd:42)
       [1] add_child_autofree (res://addons/gut/test.gd:2783)
       [2] _make_tile (res://tests/unit/test_tile_system.gd:7)
       [3] test_normal_tile_index4_has_3_slots (res://tests/unit/test_tile_system.gd:15)
       [4] _run_test (res://addons/gut/gut.gd:615)
       [5] _test_the_scripts (res://addons/gut/gut.gd:818)
ERROR: Node not found: "Building" (relative to "/root/GutRunner/@Node@188/@Node2D@191").
   at: get_node (scene/main/node.cpp:1963)
   GDScript backtrace (most recent call first):
       [0] @implicit_ready (res://src/entities/Tile.gd:43)
       [1] add_child_autofree (res://addons/gut/test.gd:2783)
       [2] _make_tile (res://tests/unit/test_tile_system.gd:7)
       [3] test_normal_tile_index4_has_3_slots (res://tests/unit/test_tile_system.gd:15)
       [4] _run_test (res://addons/gut/gut.gd:615)
       [5] _test_the_scripts (res://addons/gut/gut.gd:818)
[31m    [Failed]:  [0mUnexpected Errors:
    [1] <engine-0>Method/function failed. Returning: nullptr
    [2] <engine-0>Method/function failed. Returning: nullptr
      at line -1
* test_normal_tile_slots_start_empty
ERROR: Node not found: "Visual" (relative to "/root/GutRunner/@Node@188/@Node2D@192").
   at: get_node (scene/main/node.cpp:1963)
   GDScript backtrace (most recent call first):
       [0] @implicit_ready (res://src/entities/Tile.gd:42)
       [1] add_child_autofree (res://addons/gut/test.gd:2783)
       [2] _make_tile (res://tests/unit/test_tile_system.gd:7)
       [3] test_normal_tile_slots_start_empty (res://tests/unit/test_tile_system.gd:19)
       [4] _run_test (res://addons/gut/gut.gd:615)
       [5] _test_the_scripts (res://addons/gut/gut.gd:818)
ERROR: Node not found: "Building" (relative to "/root/GutRunner/@Node@188/@Node2D@192").
   at: get_node (scene/main/node.cpp:1963)
   GDScript backtrace (most recent call first):
       [0] @implicit_ready (res://src/entities/Tile.gd:43)
       [1] add_child_autofree (res://addons/gut/test.gd:2783)
       [2] _make_tile (res://tests/unit/test_tile_system.gd:7)
       [3] test_normal_tile_slots_start_empty (res://tests/unit/test_tile_system.gd:19)
       [4] _run_test (res://addons/gut/gut.gd:615)
       [5] _test_the_scripts (res://addons/gut/gut.gd:818)
[31m    [Failed]:  [0mUnexpected Errors:
    [1] <engine-0>Method/function failed. Returning: nullptr
    [2] <engine-0>Method/function failed. Returning: nullptr
      at line -1
* test_pass_count_starts_zero
ERROR: Node not found: "Visual" (relative to "/root/GutRunner/@Node@188/@Node2D@193").
   at: get_node (scene/main/node.cpp:1963)
   GDScript backtrace (most recent call first):
       [0] @implicit_ready (res://src/entities/Tile.gd:42)
       [1] add_child_autofree (res://addons/gut/test.gd:2783)
       [2] _make_tile (res://tests/unit/test_tile_system.gd:7)
       [3] test_pass_count_starts_zero (res://tests/unit/test_tile_system.gd:24)
       [4] _run_test (res://addons/gut/gut.gd:615)
       [5] _test_the_scripts (res://addons/gut/gut.gd:818)
ERROR: Node not found: "Building" (relative to "/root/GutRunner/@Node@188/@Node2D@193").
   at: get_node (scene/main/node.cpp:1963)
   GDScript backtrace (most recent call first):
       [0] @implicit_ready (res://src/entities/Tile.gd:43)
       [1] add_child_autofree (res://addons/gut/test.gd:2783)
       [2] _make_tile (res://tests/unit/test_tile_system.gd:7)
       [3] test_pass_count_starts_zero (res://tests/unit/test_tile_system.gd:24)
       [4] _run_test (res://addons/gut/gut.gd:615)
       [5] _test_the_scripts (res://addons/gut/gut.gd:818)
[31m    [Failed]:  [0mUnexpected Errors:
    [1] <engine-0>Method/function failed. Returning: nullptr
    [2] <engine-0>Method/function failed. Returning: nullptr
      at line -1
* test_altar_tile_has_no_rule_slots
ERROR: Node not found: "Visual" (relative to "/root/GutRunner/@Node@188/@Node2D@194").
   at: get_node (scene/main/node.cpp:1963)
   GDScript backtrace (most recent call first):
       [0] @implicit_ready (res://src/entities/Tile.gd:42)
       [1] add_child_autofree (res://addons/gut/test.gd:2783)
       [2] _make_tile (res://tests/unit/test_tile_system.gd:7)
       [3] test_altar_tile_has_no_rule_slots (res://tests/unit/test_tile_system.gd:28)
       [4] _run_test (res://addons/gut/gut.gd:615)
       [5] _test_the_scripts (res://addons/gut/gut.gd:818)
ERROR: Node not found: "Building" (relative to "/root/GutRunner/@Node@188/@Node2D@194").
   at: get_node (scene/main/node.cpp:1963)
   GDScript backtrace (most recent call first):
       [0] @implicit_ready (res://src/entities/Tile.gd:43)
       [1] add_child_autofree (res://addons/gut/test.gd:2783)
       [2] _make_tile (res://tests/unit/test_tile_system.gd:7)
       [3] test_altar_tile_has_no_rule_slots (res://tests/unit/test_tile_system.gd:28)
       [4] _run_test (res://addons/gut/gut.gd:615)
       [5] _test_the_scripts (res://addons/gut/gut.gd:818)
[31m    [Failed]:  [0mUnexpected Errors:
    [1] <engine-0>Method/function failed. Returning: nullptr
    [2] <engine-0>Method/function failed. Returning: nullptr
      at line -1
* test_altar_slots_size_matches_phase_requirement
ERROR: Node not found: "Visual" (relative to "/root/GutRunner/@Node@188/@Node2D@195").
   at: get_node (scene/main/node.cpp:1963)
   GDScript backtrace (most recent call first):
       [0] @implicit_ready (res://src/entities/Tile.gd:42)
       [1] add_child_autofree (res://addons/gut/test.gd:2783)
       [2] _make_tile (res://tests/unit/test_tile_system.gd:7)
       [3] test_altar_slots_size_matches_phase_requirement (res://tests/unit/test_tile_system.gd:33)
       [4] _run_test (res://addons/gut/gut.gd:615)
       [5] _test_the_scripts (res://addons/gut/gut.gd:818)
ERROR: Node not found: "Building" (relative to "/root/GutRunner/@Node@188/@Node2D@195").
   at: get_node (scene/main/node.cpp:1963)
   GDScript backtrace (most recent call first):
       [0] @implicit_ready (res://src/entities/Tile.gd:43)
       [1] add_child_autofree (res://addons/gut/test.gd:2783)
       [2] _make_tile (res://tests/unit/test_tile_system.gd:7)
       [3] test_altar_slots_size_matches_phase_requirement (res://tests/unit/test_tile_system.gd:33)
       [4] _run_test (res://addons/gut/gut.gd:615)
       [5] _test_the_scripts (res://addons/gut/gut.gd:818)
[31m    [Failed]:  [0mUnexpected Errors:
    [1] <engine-0>Method/function failed. Returning: nullptr
    [2] <engine-0>Method/function failed. Returning: nullptr
      at line -1
* test_altar_slots_start_null
ERROR: Node not found: "Visual" (relative to "/root/GutRunner/@Node@188/@Node2D@196").
   at: get_node (scene/main/node.cpp:1963)
   GDScript backtrace (most recent call first):
       [0] @implicit_ready (res://src/entities/Tile.gd:42)
       [1] add_child_autofree (res://addons/gut/test.gd:2783)
       [2] _make_tile (res://tests/unit/test_tile_system.gd:7)
       [3] test_altar_slots_start_null (res://tests/unit/test_tile_system.gd:39)
       [4] _run_test (res://addons/gut/gut.gd:615)
       [5] _test_the_scripts (res://addons/gut/gut.gd:818)
ERROR: Node not found: "Building" (relative to "/root/GutRunner/@Node@188/@Node2D@196").
   at: get_node (scene/main/node.cpp:1963)
   GDScript backtrace (most recent call first):
       [0] @implicit_ready (res://src/entities/Tile.gd:43)
       [1] add_child_autofree (res://addons/gut/test.gd:2783)
       [2] _make_tile (res://tests/unit/test_tile_system.gd:7)
       [3] test_altar_slots_start_null (res://tests/unit/test_tile_system.gd:39)
       [4] _run_test (res://addons/gut/gut.gd:615)
       [5] _test_the_scripts (res://addons/gut/gut.gd:818)
[31m    [Failed]:  [0mUnexpected Errors:
    [1] <engine-0>Method/function failed. Returning: nullptr
    [2] <engine-0>Method/function failed. Returning: nullptr
      at line -1
[1m0/7 passed.
[0m[4m

res://tests/unit/test_tutorial_manager.gd
[0m* test_not_active_by_default
* test_step_count_matches_tutorial_steps
* test_current_step_zero_initially
[1m3/3 passed.
[0m[4m

res://tests/unit/test_tutorial_steps.gd
[0m* test_gamestate_has_is_tutorial_flag
* test_is_tutorial_not_reset_by_reset
* test_component_deleted_signal_emitted
* test_eventbus_has_new_signals
* test_step_count_is_fourteen
* test_each_step_has_required_keys
* test_step_ids_are_unique
* test_observe_steps_have_no_input_block
* test_rule_equipped_signal_exists
[1m9/9 passed.
[0m



[33m==============================================[0m
[33m= 35 Orphans[0m
[33m==============================================[0m
test_auction_manager.gd
    - test_execute_delete_pardon_sets_flag
[33m        * [<Node#167721830982>(AuctionManager.gd)][0m
    - test_execute_pressure_delay_decrements_loops_in_phase
[33m        * [<Node#167788939850>(AuctionManager.gd)][0m
    - test_execute_pressure_delay_not_below_zero
[33m        * [<Node#167872825934>(AuctionManager.gd)][0m
    - test_execute_enemy_pardon_sets_type_and_count
[33m        * [<Node#167956712018>(AuctionManager.gd)][0m
    - test_execute_comp_merge_combines_values
[33m        * [<Node#168057375318>(AuctionManager.gd)][0m
    - test_execute_stat_dmg_increases_dmg_bonus
[33m        * [<Node#168241924700>(AuctionManager.gd)][0m
    - test_execute_stat_dmg_accumulates
[33m        * [<Node#168325810784>(AuctionManager.gd)][0m
    - test_execute_stat_hp_increases_hp_max
[33m        * [<Node#168409696868>(AuctionManager.gd)][0m
    - test_execute_stat_hp_heals_by_delta
[33m        * [<Node#168493582952>(AuctionManager.gd)][0m
    - test_execute_stat_speed_increases_interval_bonus
[33m        * [<Node#168577469036>(AuctionManager.gd)][0m
    - test_execute_stat_amplify_increases_max_stacks
[33m        * [<Node#168644577904>(AuctionManager.gd)][0m
    - test_execute_slot_rule_adds_rule_slot
[33m        * [<Node#168728463988>(AuctionManager.gd)][0m
    - test_execute_slot_rule_new_slot_is_empty
[33m        * [<Node#168812350072>(AuctionManager.gd)][0m
    - test_execute_slot_service_increases_service_bar_max
[33m        * [<Node#168879458940>(AuctionManager.gd)][0m
test_combat_system.gd
    - test_player_damage_reduces_enemy_hp
[33m        * [<Node2D#183173647021>(Enemy.gd)][0m
    - test_enemy_damage_reduces_player_hp
[33m        * [<Node2D#198558354060>(Enemy.gd)][0m
    - test_player_damage_uses_player_dmg_base
[33m        * [<Node2D#198675793570>(Enemy.gd)][0m
    - test_enemy_damage_uses_phase_scaled_dmg
[33m        * [<Node2D#198810012337>(Enemy.gd)][0m
    - test_player_hit_emitted_on_enemy_attack
[33m        * [<Node2D#198944230146>(Enemy.gd)][0m
    - test_enemy_killed_emitted_when_enemy_dies
[33m        * [<Node2D#199095225094>(Enemy.gd)][0m
    - test_combat_resolved_not_emitted_by_combat_system
[33m        * [<Node2D#199246220042>(Enemy.gd)][0m
    - test_reflect_damage_applied_when_pending_ratio_set
[33m        * [<Node2D#199397214990>(Enemy.gd)][0m
    - test_lifesteal_heals_after_player_attack
[33m        * [<Node2D#199783090965>(Enemy.gd)][0m
    - test_lifesteal_capped_at_hp_max
[33m        * [<Node2D#199917308697>(Enemy.gd)][0m
    - test_no_lifesteal_when_ratio_zero
[33m        * [<Node2D#200051526429>(Enemy.gd)][0m
    - test_lifesteal_ratio_resets_after_combat
[33m        * [<Node2D#200185744161>(Enemy.gd)][0m
    - test_player_attack_applies_dmg_bonus
[33m        * [<Node2D#200890387244>(Enemy.gd)][0m
    - test_combat_start_uses_attack_interval_bonus
[33m        * [<Node2D#201024604976>(Enemy.gd)][0m
test_economy_manager.gd
    - test_gold_added_to_gamestate_on_enemy_killed
[33m        * [<Node2D#206259096476>(Enemy.gd)][0m
test_enemy.gd
    - test_init_stat_phase_override_increases_hp_at_higher_phase
[33m        * [<Node2D#206611418029>(Enemy.gd)]
        * [<Node2D#206628195246>(Enemy.gd)][0m
    - test_init_default_uses_current_phase
[33m        * [<Node2D#206712081331>(Enemy.gd)][0m
test_rule_engine.gd
    - test_trigger_count_increments_on_enemy_killed
[33m        * [<Node2D#232028900416>(Enemy.gd)][0m
test_strip_manager.gd
    - test_combat_resolved_emitted_immediately_when_no_components
[33m        * [<Node2D#238370688350>(Enemy.gd)][0m
    - test_combat_resolved_not_emitted_when_components_present
[33m        * [<Node2D#238488128866>(Enemy.gd)][0m


[33m==============================================
[0m[33m= Run Summary
[0m[33m==============================================
[0m[4m
res://tests/unit/test_game_over_narrative.gd
[0m- test_win_narrative_contains_recognition_line
[31m    [Failed]:  [0mUnexpected Errors:
    [1] <engine-2>Invalid call. Nonexistent function '_get_narrative' in base 'CanvasLayer (GameOver)'.
          at line -1
- test_lose_narrative_contains_enough_line
[31m    [Failed]:  [0mUnexpected Errors:
    [1] <engine-2>Invalid call. Nonexistent function '_get_narrative' in base 'CanvasLayer (GameOver)'.
          at line -1
- test_win_background_path
[31m    [Failed]:  [0mUnexpected Errors:
    [1] <engine-2>Invalid call. Nonexistent function '_get_background_path' in base 'CanvasLayer (GameOver)'.
          at line -1
- test_lose_background_path
[31m    [Failed]:  [0mUnexpected Errors:
    [1] <engine-2>Invalid call. Nonexistent function '_get_background_path' in base 'CanvasLayer (GameOver)'.
          at line -1
[4m
res://tests/unit/test_rule_engine.gd
[0m- test_tile_rule_fires_on_nth_pass
[31m    [Failed]:  [0mUnexpected Errors:
    [1] <engine-0>Method/function failed. Returning: nullptr
    [2] <engine-0>Method/function failed. Returning: nullptr
          at line -1
- test_tile_rule_does_not_fire_with_incomplete_slot
[31m    [Failed]:  [0mUnexpected Errors:
    [1] <engine-0>Method/function failed. Returning: nullptr
    [2] <engine-0>Method/function failed. Returning: nullptr
          at line -1
- test_tile_rule_scales_with_pass_count
[31m    [Failed]:  [0mUnexpected Errors:
    [1] <engine-0>Method/function failed. Returning: nullptr
    [2] <engine-0>Method/function failed. Returning: nullptr
          at line -1
- test_altar_bonus_applied_to_tile_rule
[31m    [Failed]:  [0mUnexpected Errors:
    [1] <engine-0>Method/function failed. Returning: nullptr
    [2] <engine-0>Method/function failed. Returning: nullptr
          at line -1
- test_max_scale_caps_tile_effect
[31m    [Failed]:  [0mUnexpected Errors:
    [1] <engine-0>Method/function failed. Returning: nullptr
    [2] <engine-0>Method/function failed. Returning: nullptr
          at line -1
- test_dmg_boost_adds_stacks
[31m    [Failed]:  [0m[0] expected to equal [2]:  
          at line 384
- test_dmg_boost_accumulates
[31m    [Failed]:  [0m[0] expected to equal [4]:  
          at line 390
- test_charge_adds_stacks
[31m    [Failed]:  [0m[0] expected to equal [1]:  
          at line 395
- test_charge_accumulates_from_two_rules
[31m    [Failed]:  [0m[0] expected to equal [2]:  
          at line 402
- test_scorch_emits_rule_fired
[31m    [Failed]:  [0mExpected object EventBus:<Node#59307460153>(EventBus.gd) to have emitted signal [rule_fired]:   (Signals emitted: ["player_hit"])
          at line 408
- test_erode_emits_rule_fired
[31m    [Failed]:  [0mExpected object EventBus:<Node#59307460153>(EventBus.gd) to have emitted signal [rule_fired]:   (Signals emitted: ["player_hit"])
          at line 414
[4m
res://tests/unit/test_tile_system.gd
[0m- test_normal_tile_rule_slots_match_config
[31m    [Failed]:  [0mUnexpected Errors:
    [1] <engine-0>Method/function failed. Returning: nullptr
    [2] <engine-0>Method/function failed. Returning: nullptr
          at line -1
- test_normal_tile_index4_has_3_slots
[31m    [Failed]:  [0mUnexpected Errors:
    [1] <engine-0>Method/function failed. Returning: nullptr
    [2] <engine-0>Method/function failed. Returning: nullptr
          at line -1
- test_normal_tile_slots_start_empty
[31m    [Failed]:  [0mUnexpected Errors:
    [1] <engine-0>Method/function failed. Returning: nullptr
    [2] <engine-0>Method/function failed. Returning: nullptr
          at line -1
- test_pass_count_starts_zero
[31m    [Failed]:  [0mUnexpected Errors:
    [1] <engine-0>Method/function failed. Returning: nullptr
    [2] <engine-0>Method/function failed. Returning: nullptr
          at line -1
- test_altar_tile_has_no_rule_slots
[31m    [Failed]:  [0mUnexpected Errors:
    [1] <engine-0>Method/function failed. Returning: nullptr
    [2] <engine-0>Method/function failed. Returning: nullptr
          at line -1
- test_altar_slots_size_matches_phase_requirement
[31m    [Failed]:  [0mUnexpected Errors:
    [1] <engine-0>Method/function failed. Returning: nullptr
    [2] <engine-0>Method/function failed. Returning: nullptr
          at line -1
- test_altar_slots_start_null
[31m    [Failed]:  [0mUnexpected Errors:
    [1] <engine-0>Method/function failed. Returning: nullptr
    [2] <engine-0>Method/function failed. Returning: nullptr
          at line -1

Totals
------
Scripts              20
Tests               299
Passing Tests       277
Failing Tests        22
Asserts           1049/1071
Orphans              35
Time              2.926s


[31m---- 22 failing tests ----
[0m
WARNING: 21 RIDs of type "CanvasItem" were leaked.
   at: _free_rids (servers/rendering/renderer_canvas_cull.cpp:2692)
WARNING: ObjectDB instances leaked at exit (run with --verbose for details).
   at: cleanup (core/object/object.cpp:2641)
ERROR: 3 resources still in use at exit (run with --verbose for details).
   at: clear (core/io/resource.cpp:810)
powershell : S:\attribute-loop\scripts\self-test.ps1 : Self-test FAILED: Tests did not all pass
At line:1 char:25
+ ... bute-loop"; powershell -NoProfile -File scripts/self-test.ps1 2>&1 >  ...
+                 ~~~~~~~~~~~~~~~~~~~~~~~~~~~~~~~~~~~~~~~~~~~~~~~~~~~~~~~~~
    + CategoryInfo          : NotSpecified: (S:\attribute-lo...id not all pass:String) [], RemoteException
    + FullyQualifiedErrorId : NativeCommandError
 
    + CategoryInfo          : NotSpecified: (:) [Write-Error], WriteErrorException
    + FullyQualifiedErrorId : Microsoft.PowerShell.Commands.WriteErrorException,self-test.ps1
 
